[Sun Aug 31 09:05:15 AM UTC 2025] Enhanced automated trading system deployment started
[Sun Aug 31 09:05:15 AM UTC 2025] [INFO] Enhanced automated trading system deployment started
[Sun Aug 31 09:05:15 AM UTC 2025] [INFO] Checking comprehensive system requirements...
[Sun Aug 31 09:05:15 AM UTC 2025] [INFO] Python version: 3.10.12
[Sun Aug 31 09:05:15 AM UTC 2025] [INFO] System memory: 7.6Gi
[Sun Aug 31 09:05:15 AM UTC 2025] [INFO] Available disk space: 40G
[Sun Aug 31 09:05:15 AM UTC 2025] [SUCCESS] System requirements validated successfully
[Sun Aug 31 09:05:15 AM UTC 2025] [INFO] Validating comprehensive environment structure...
[Sun Aug 31 09:05:15 AM UTC 2025] [SUCCESS] Environment structure validated and created
[Sun Aug 31 09:05:15 AM UTC 2025] [INFO] Setting up comprehensive Python dependencies...
[Sun Aug 31 09:05:18 AM UTC 2025] [INFO] Installing requirements from requirements.txt...
[Sun Aug 31 09:05:28 AM UTC 2025] [SUCCESS] All requirements installed successfully
[Sun Aug 31 09:05:28 AM UTC 2025] [SUCCESS] Dependencies setup completed
[Sun Aug 31 09:05:28 AM UTC 2025] [INFO] Processing comprehensive trading configuration...
[Sun Aug 31 09:05:28 AM UTC 2025] [INFO] Extracting trading symbols from configuration...
[Sun Aug 31 09:05:28 AM UTC 2025] [INFO] Trading symbols extracted: BTCEUR,ETHEUR,ADAEUR,DOTEUR,LINKEUR
[Sun Aug 31 09:05:28 AM UTC 2025] [INFO] Validating configuration for symbol: BTCEUR
[Sun Aug 31 09:05:28 AM UTC 2025] [INFO] Symbol BTCEUR configuration is valid
[Sun Aug 31 09:05:28 AM UTC 2025] [INFO] Validating configuration for symbol: ETHEUR
[Sun Aug 31 09:05:28 AM UTC 2025] [INFO] Symbol ETHEUR configuration is valid
[Sun Aug 31 09:05:28 AM UTC 2025] [INFO] Validating configuration for symbol: ADAEUR
[Sun Aug 31 09:05:28 AM UTC 2025] [INFO] Symbol ADAEUR configuration is valid
[Sun Aug 31 09:05:28 AM UTC 2025] [INFO] Validating configuration for symbol: DOTEUR
[Sun Aug 31 09:05:28 AM UTC 2025] [INFO] Symbol DOTEUR configuration is valid
[Sun Aug 31 09:05:28 AM UTC 2025] [INFO] Validating configuration for symbol: LINKEUR
[Sun Aug 31 09:05:28 AM UTC 2025] [INFO] Symbol LINKEUR configuration is valid
[Sun Aug 31 09:05:28 AM UTC 2025] [SUCCESS] Configuration processing completed. Valid symbols: BTCEUR,ETHEUR,ADAEUR,DOTEUR,LINKEUR
[Sun Aug 31 09:05:28 AM UTC 2025] [INFO] Performing comprehensive model verification...
[Sun Aug 31 09:05:28 AM UTC 2025] [INFO] Verifying models for symbol: BTCEUR
[Sun Aug 31 09:05:28 AM UTC 2025] [INFO]   Found gru model for BTCEUR
[Sun Aug 31 09:05:28 AM UTC 2025] [INFO]   Found lightgbm model for BTCEUR
[Sun Aug 31 09:05:28 AM UTC 2025] [INFO]   Found ppo model for BTCEUR
[Sun Aug 31 09:05:28 AM UTC 2025] [SUCCESS] Symbol BTCEUR has 3 model(s) available
[Sun Aug 31 09:05:28 AM UTC 2025] [INFO] Verifying models for symbol: ETHEUR
[Sun Aug 31 09:05:28 AM UTC 2025] [INFO]   Found gru model for ETHEUR
[Sun Aug 31 09:05:28 AM UTC 2025] [INFO]   Found lightgbm model for ETHEUR
[Sun Aug 31 09:05:28 AM UTC 2025] [INFO]   Found ppo model for ETHEUR
[Sun Aug 31 09:05:28 AM UTC 2025] [SUCCESS] Symbol ETHEUR has 3 model(s) available
[Sun Aug 31 09:05:28 AM UTC 2025] [INFO] Verifying models for symbol: ADAEUR
[Sun Aug 31 09:05:28 AM UTC 2025] [INFO]   Found gru model for ADAEUR
[Sun Aug 31 09:05:28 AM UTC 2025] [INFO]   Found lightgbm model for ADAEUR
[Sun Aug 31 09:05:28 AM UTC 2025] [INFO]   Found ppo model for ADAEUR
[Sun Aug 31 09:05:28 AM UTC 2025] [SUCCESS] Symbol ADAEUR has 3 model(s) available
[Sun Aug 31 09:05:28 AM UTC 2025] [INFO] Verifying models for symbol: DOTEUR
[Sun Aug 31 09:05:28 AM UTC 2025] [INFO]   Found gru model for DOTEUR
[Sun Aug 31 09:05:28 AM UTC 2025] [INFO]   Found lightgbm model for DOTEUR
[Sun Aug 31 09:05:29 AM UTC 2025] [INFO]   Found ppo model for DOTEUR
[Sun Aug 31 09:05:29 AM UTC 2025] [SUCCESS] Symbol DOTEUR has 3 model(s) available
[Sun Aug 31 09:05:29 AM UTC 2025] [INFO] Verifying models for symbol: LINKEUR
[Sun Aug 31 09:05:29 AM UTC 2025] [INFO]   Found gru model for LINKEUR
[Sun Aug 31 09:05:29 AM UTC 2025] [INFO]   Found lightgbm model for LINKEUR
[Sun Aug 31 09:05:29 AM UTC 2025] [INFO]   Found ppo model for LINKEUR
[Sun Aug 31 09:05:29 AM UTC 2025] [SUCCESS] Symbol LINKEUR has 3 model(s) available
[Sun Aug 31 09:05:29 AM UTC 2025] [SUCCESS] Model verification completed. Verified symbols: BTCEUR,ETHEUR,ADAEUR,DOTEUR,LINKEUR
[Sun Aug 31 09:05:29 AM UTC 2025] [INFO] Initializing comprehensive trading system...
[Sun Aug 31 09:05:29 AM UTC 2025] [INFO] Validating Python trading environment...
[Sun Aug 31 09:05:32 AM UTC 2025] [INFO] Testing trading script functionality...
[Sun Aug 31 09:05:41 AM UTC 2025] [WARNING] Trading script test failed, but continuing...
[Sun Aug 31 09:05:41 AM UTC 2025] [SUCCESS] Trading system initialized successfully
[Sun Aug 31 09:05:41 AM UTC 2025] [INFO] Starting automated trading loop with 1800 second intervals...
[Sun Aug 31 09:05:41 AM UTC 2025] [INFO] === Starting Unified Continuous Trading ===
[Sun Aug 31 09:05:41 AM UTC 2025] [INFO] Starting unified continuous trading for all symbols: BTCEUR,ETHEUR,ADAEUR,DOTEUR,LINKEUR
