2025-07-29 13:15:01,387 - __main__ - INFO - 🤖 Loading ML models...
2025-07-29 13:15:01,387 - __main__ - INFO - ✅ Loaded LSTM model for BTCEUR
2025-07-29 13:15:01,451 - __main__ - WARNING - ⚠️ Failed to load XGBoost model for BTCEUR: No module named 'xgboost'
2025-07-29 13:15:01,451 - __main__ - INFO - ✅ Loaded scaler for BTCEUR
2025-07-29 13:15:01,452 - __main__ - INFO - ✅ Loaded feature columns for BTCEUR (11 features)
2025-07-29 13:15:01,452 - __main__ - INFO - ✅ Loaded LSTM model for ETHEUR
2025-07-29 13:15:01,452 - __main__ - WARNING - ⚠️ Failed to load XGBoost model for ETHEUR: No module named 'xgboost'
2025-07-29 13:15:01,452 - __main__ - INFO - ✅ Loaded scaler for ETHEUR
2025-07-29 13:15:01,452 - __main__ - INFO - ✅ Loaded feature columns for ETHEUR (22 features)
2025-07-29 13:15:01,452 - __main__ - INFO - ✅ Loaded LSTM model for ADAEUR
2025-07-29 13:15:01,452 - __main__ - WARNING - ⚠️ Failed to load XGBoost model for ADAEUR: No module named 'xgboost'
2025-07-29 13:15:01,453 - __main__ - INFO - ✅ Loaded scaler for ADAEUR
2025-07-29 13:15:01,453 - __main__ - INFO - ✅ Loaded feature columns for ADAEUR (22 features)
2025-07-29 13:15:01,453 - __main__ - INFO - ✅ Loaded LSTM model for SOLEUR
2025-07-29 13:15:01,453 - __main__ - WARNING - ⚠️ Failed to load XGBoost model for SOLEUR: No module named 'xgboost'
2025-07-29 13:15:01,453 - __main__ - INFO - ✅ Loaded scaler for SOLEUR
2025-07-29 13:15:01,453 - __main__ - INFO - ✅ Loaded feature columns for SOLEUR (23 features)
2025-07-29 13:15:01,453 - __main__ - INFO - ✅ Loaded LSTM model for XRPEUR
2025-07-29 13:15:01,453 - __main__ - WARNING - ⚠️ Failed to load XGBoost model for XRPEUR: No module named 'xgboost'
2025-07-29 13:15:01,453 - __main__ - INFO - ✅ Loaded scaler for XRPEUR
2025-07-29 13:15:01,454 - __main__ - INFO - ✅ Loaded feature columns for XRPEUR (29 features)
2025-07-29 13:15:01,454 - __main__ - INFO - 📊 Initializing data buffers...
2025-07-29 13:15:01,458 - __main__ - INFO - ✅ Loaded 500 historical records for BTCEUR
2025-07-29 13:15:01,460 - __main__ - INFO - ✅ Loaded 500 historical records for ETHEUR
2025-07-29 13:15:01,463 - __main__ - INFO - ✅ Loaded 500 historical records for ADAEUR
2025-07-29 13:15:01,465 - __main__ - INFO - ✅ Loaded 500 historical records for SOLEUR
2025-07-29 13:15:01,468 - __main__ - INFO - ✅ Loaded 500 historical records for XRPEUR
2025-07-29 13:15:01,468 - __main__ - INFO - 🚀 Enhanced Paper Trader initialized
2025-07-29 13:15:01,468 - __main__ - INFO - 💰 Symbols: BTCEUR, ETHEUR, ADAEUR, SOLEUR, XRPEUR
2025-07-29 13:15:01,468 - __main__ - INFO - 💵 Initial balance: €10,000.00
2025-07-29 13:15:01,468 - __main__ - INFO - 📊 Position size: 10.0%
2025-07-29 13:15:01,468 - __main__ - INFO - 🚀 Starting Enhanced Paper Trading System
2025-07-29 13:15:01,468 - __main__ - INFO - 🤖 Models loaded: 0/5 symbols
2025-07-29 13:15:01,468 - __main__ - WARNING - ⚠️ No models loaded - predictions will use fallback logic
2025-07-29 13:15:01,468 - __main__ - INFO - 🔄 Starting trading loop...
2025-07-29 13:15:01,500 - __main__ - ERROR - Error generating LSTM prediction for BTCEUR: 'returns'
2025-07-29 13:15:01,501 - __main__ - INFO - 📊 Prediction for BTCEUR: 0 (confidence: 0.500)
2025-07-29 13:15:01,530 - __main__ - ERROR - Error generating LSTM prediction for ETHEUR: 'returns'
2025-07-29 13:15:01,531 - __main__ - INFO - 📊 Prediction for ETHEUR: 0 (confidence: 0.500)
2025-07-29 13:15:01,560 - __main__ - ERROR - Error generating LSTM prediction for ADAEUR: 'returns'
2025-07-29 13:15:01,560 - __main__ - INFO - 📊 Prediction for ADAEUR: 0 (confidence: 0.500)
2025-07-29 13:15:01,589 - __main__ - ERROR - Error generating LSTM prediction for SOLEUR: 'returns'
2025-07-29 13:15:01,589 - __main__ - INFO - 📊 Prediction for SOLEUR: 0 (confidence: 0.500)
2025-07-29 13:15:01,618 - __main__ - ERROR - Error generating LSTM prediction for XRPEUR: 'returns'
2025-07-29 13:15:01,619 - __main__ - INFO - 📊 Prediction for XRPEUR: 0 (confidence: 0.500)
