[0;34m[INFO][0m Starting data fetch process...
[0;34m[INFO][0m Validating configuration...
[0;32m[SUCCESS][0m Configuration file validated: /home/runner/work/bot/bot/training_config.yaml
[0;34m[INFO][0m Validating collector script...
[0;32m[SUCCESS][0m Collector script validated: /home/runner/work/bot/bot/data/config_based_collector.py
[0;34m[INFO][0m Checking dependencies...
[0;34m[INFO][0m Installing Python dependencies...
[0;32m[SUCCESS][0m Dependencies checked/installed
[0;34m[INFO][0m Starting data collection (mode: symbol)...
[0;34m[INFO][0m Executing: python3 "/home/runner/work/bot/bot/data/config_based_collector.py" --config "/home/runner/work/bot/bot/training_config.yaml" --symbol "BTCEUR"
[0;32m[SUCCESS][0m Data collection completed successfully
[0;32m[SUCCESS][0m Data fetch process completed successfully!
[0;34m[INFO][0m Starting data fetch process...
[0;34m[INFO][0m Validating configuration...
[0;32m[SUCCESS][0m Configuration file validated: /home/runner/work/bot/bot/training_config.yaml
[0;34m[INFO][0m Validating collector script...
[0;32m[SUCCESS][0m Collector script validated: /home/runner/work/bot/bot/data/config_based_collector.py
[0;34m[INFO][0m Checking dependencies...
[0;34m[INFO][0m Installing Python dependencies...
[0;32m[SUCCESS][0m Dependencies checked/installed
[0;34m[INFO][0m Starting data collection (mode: full)...
[0;34m[INFO][0m Executing: python3 "/home/runner/work/bot/bot/data/config_based_collector.py" --config "/home/runner/work/bot/bot/training_config.yaml"
[0;32m[SUCCESS][0m Data collection completed successfully
[0;32m[SUCCESS][0m Data fetch process completed successfully!
[0;34m[INFO][0m Starting data fetch process...
[0;34m[INFO][0m Validating configuration...
[0;32m[SUCCESS][0m Configuration file validated: /home/runner/work/bot/bot/training_config.yaml
[0;34m[INFO][0m Validating collector script...
[0;32m[SUCCESS][0m Collector script validated: /home/runner/work/bot/bot/data/config_based_collector.py
[0;34m[INFO][0m Checking dependencies...
[0;34m[INFO][0m Installing Python dependencies...
[0;32m[SUCCESS][0m Dependencies checked/installed
[0;34m[INFO][0m Starting data collection (mode: symbol)...
[0;34m[INFO][0m Executing: python3 "/home/runner/work/bot/bot/data/config_based_collector.py" --config "/home/runner/work/bot/bot/training_config.yaml" --symbol "BTCEUR"
[0;32m[SUCCESS][0m Data collection completed successfully
[0;32m[SUCCESS][0m Data fetch process completed successfully!
[0;34m[INFO][0m Starting data fetch process...
[0;34m[INFO][0m Validating configuration...
[0;32m[SUCCESS][0m Configuration file validated: /home/runner/work/bot/bot/training_config.yaml
[0;34m[INFO][0m Validating collector script...
[0;32m[SUCCESS][0m Collector script validated: /home/runner/work/bot/bot/data/config_based_collector.py
[0;34m[INFO][0m Checking dependencies...
[0;34m[INFO][0m Installing Python dependencies...
[0;32m[SUCCESS][0m Dependencies checked/installed
[0;34m[INFO][0m Starting data collection (mode: symbol)...
[0;34m[INFO][0m Executing: python3 "/home/runner/work/bot/bot/data/config_based_collector.py" --config "/home/runner/work/bot/bot/training_config.yaml" --symbol "BTCEUR"
[0;32m[SUCCESS][0m Data collection completed successfully
[0;32m[SUCCESS][0m Data fetch process completed successfully!
[0;34m[INFO][0m Starting data fetch process...
[0;34m[INFO][0m Validating configuration...
[0;32m[SUCCESS][0m Configuration file validated: /home/runner/work/bot/bot/training_config.yaml
[0;34m[INFO][0m Validating collector script...
[0;34m[INFO][0m Starting data fetch process...
[0;34m[INFO][0m Validating configuration...
[0;32m[SUCCESS][0m Configuration file validated: /home/runner/work/bot/bot/training_config.yaml
[0;34m[INFO][0m Validating collector script...
[0;32m[SUCCESS][0m Collector script validated: /home/runner/work/bot/bot/data/config_based_collector.py
[0;34m[INFO][0m Checking dependencies...
[0;34m[INFO][0m Installing Python dependencies...
[0;32m[SUCCESS][0m Dependencies checked/installed
[0;34m[INFO][0m Starting data collection (mode: symbol)...
[0;34m[INFO][0m Executing: python3 "/home/runner/work/bot/bot/data/config_based_collector.py" --config "/home/runner/work/bot/bot/training_config.yaml" --symbol "BTCEUR"
[0;32m[SUCCESS][0m Data collection completed successfully
[0;32m[SUCCESS][0m Data fetch process completed successfully!
[0;34m[INFO][0m Starting data fetch process...
[0;34m[INFO][0m Validating configuration...
[0;32m[SUCCESS][0m Configuration file validated: /home/runner/work/bot/bot/training_config.yaml
[0;34m[INFO][0m Validating collector script...
[0;32m[SUCCESS][0m Collector script validated: /home/runner/work/bot/bot/data/config_based_collector.py
[0;34m[INFO][0m Checking dependencies...
[0;34m[INFO][0m Installing Python dependencies...
[0;32m[SUCCESS][0m Dependencies checked/installed
[0;34m[INFO][0m Starting data collection (mode: symbol)...
[0;34m[INFO][0m Executing: python3 "/home/runner/work/bot/bot/data/config_based_collector.py" --config "/home/runner/work/bot/bot/training_config.yaml" --symbol "BTCEUR"
[0;32m[SUCCESS][0m Data collection completed successfully
[0;32m[SUCCESS][0m Data fetch process completed successfully!
